// Vitest Snapshot v1, https://vitest.dev/guide/snapshot.html

exports[`App Bar renders without crashing 1`] = `<ResponsiveAppBar />`;
