// Vitest Snapshot v1, https://vitest.dev/guide/snapshot.html

exports[`FightMenu components render without crashing 1`] = `<GameMenu />`;

exports[`FightMenu components render without crashing 2`] = `<MenuButton />`;
