// Vitest Snapshot v1, https://vitest.dev/guide/snapshot.html

exports[`Login feature components render without crashing 1`] = `<LoginSnack />`;

exports[`Login feature components render without crashing 2`] = `<SignIn />`;
