// Vitest Snapshot v1, https://vitest.dev/guide/snapshot.html

exports[`Progress Bar renders without crashing 1`] = `<ProgressBar />`;
